Analysis & Synthesis report for mapa
Sat Dec  2 20:52:27 2023
Quartus Prime Version 22.1std.1 Build 917 02/14/2023 SC Lite Edition


---------------------
; Table of Contents ;
---------------------
  1. Legal Notice
  2. Analysis & Synthesis Summary
  3. Analysis & Synthesis Settings
  4. Parallel Compilation
  5. Analysis & Synthesis Source Files Read
  6. Analysis & Synthesis Resource Usage Summary
  7. Analysis & Synthesis Resource Utilization by Entity
  8. Registers Removed During Synthesis
  9. General Register Statistics
 10. Inverted Register Statistics
 11. Multiplexer Restructuring Statistics (Restructuring Performed)
 12. Parameter Settings for User Entity Instance: vga_controller:u2
 13. Parameter Settings for User Entity Instance: hw_image_generator:u3
 14. Port Connectivity Checks: "vga_controller:u2"
 15. Post-Synthesis Netlist Statistics for Top Partition
 16. Elapsed Time Per Partition
 17. Analysis & Synthesis Messages



----------------
; Legal Notice ;
----------------
Copyright (C) 2023  Intel Corporation. All rights reserved.
Your use of Intel Corporation's design tools, logic functions 
and other software and tools, and any partner logic 
functions, and any output files from any of the foregoing 
(including device programming or simulation files), and any 
associated documentation or information are expressly subject 
to the terms and conditions of the Intel Program License 
Subscription Agreement, the Intel Quartus Prime License Agreement,
the Intel FPGA IP License Agreement, or other applicable license
agreement, including, without limitation, that your use is for
the sole purpose of programming logic devices manufactured by
Intel and sold by Intel or its authorized distributors.  Please
refer to the applicable agreement for further details, at
https://fpgasoftware.intel.com/eula.



+-------------------------------------------------------------------------------------+
; Analysis & Synthesis Summary                                                        ;
+------------------------------------+------------------------------------------------+
; Analysis & Synthesis Status        ; Successful - Sat Dec  2 20:52:27 2023          ;
; Quartus Prime Version              ; 22.1std.1 Build 917 02/14/2023 SC Lite Edition ;
; Revision Name                      ; mapa                                           ;
; Top-level Entity Name              ; mapa                                           ;
; Family                             ; MAX 10                                         ;
; Total logic elements               ; 1,894                                          ;
;     Total combinational functions  ; 1,863                                          ;
;     Dedicated logic registers      ; 360                                            ;
; Total registers                    ; 360                                            ;
; Total pins                         ; 16                                             ;
; Total virtual pins                 ; 0                                              ;
; Total memory bits                  ; 0                                              ;
; Embedded Multiplier 9-bit elements ; 0                                              ;
; Total PLLs                         ; 0                                              ;
; UFM blocks                         ; 0                                              ;
; ADC blocks                         ; 0                                              ;
+------------------------------------+------------------------------------------------+


+------------------------------------------------------------------------------------------------------------+
; Analysis & Synthesis Settings                                                                              ;
+------------------------------------------------------------------+--------------------+--------------------+
; Option                                                           ; Setting            ; Default Value      ;
+------------------------------------------------------------------+--------------------+--------------------+
; Device                                                           ; 10M50DAF484C7G     ;                    ;
; Top-level entity name                                            ; mapa               ; mapa               ;
; Family name                                                      ; MAX 10             ; Cyclone V          ;
; Use smart compilation                                            ; Off                ; Off                ;
; Enable parallel Assembler and Timing Analyzer during compilation ; On                 ; On                 ;
; Enable compact report table                                      ; Off                ; Off                ;
; Restructure Multiplexers                                         ; Auto               ; Auto               ;
; Create Debugging Nodes for IP Cores                              ; Off                ; Off                ;
; Preserve fewer node names                                        ; On                 ; On                 ;
; Intel FPGA IP Evaluation Mode                                    ; Enable             ; Enable             ;
; Verilog Version                                                  ; Verilog_2001       ; Verilog_2001       ;
; VHDL Version                                                     ; VHDL_1993          ; VHDL_1993          ;
; State Machine Processing                                         ; Auto               ; Auto               ;
; Safe State Machine                                               ; Off                ; Off                ;
; Extract Verilog State Machines                                   ; On                 ; On                 ;
; Extract VHDL State Machines                                      ; On                 ; On                 ;
; Ignore Verilog initial constructs                                ; Off                ; Off                ;
; Iteration limit for constant Verilog loops                       ; 5000               ; 5000               ;
; Iteration limit for non-constant Verilog loops                   ; 250                ; 250                ;
; Add Pass-Through Logic to Inferred RAMs                          ; On                 ; On                 ;
; Infer RAMs from Raw Logic                                        ; On                 ; On                 ;
; Parallel Synthesis                                               ; On                 ; On                 ;
; DSP Block Balancing                                              ; Auto               ; Auto               ;
; NOT Gate Push-Back                                               ; On                 ; On                 ;
; Power-Up Don't Care                                              ; On                 ; On                 ;
; Remove Redundant Logic Cells                                     ; Off                ; Off                ;
; Remove Duplicate Registers                                       ; On                 ; On                 ;
; Ignore CARRY Buffers                                             ; Off                ; Off                ;
; Ignore CASCADE Buffers                                           ; Off                ; Off                ;
; Ignore GLOBAL Buffers                                            ; Off                ; Off                ;
; Ignore ROW GLOBAL Buffers                                        ; Off                ; Off                ;
; Ignore LCELL Buffers                                             ; Off                ; Off                ;
; Ignore SOFT Buffers                                              ; On                 ; On                 ;
; Limit AHDL Integers to 32 Bits                                   ; Off                ; Off                ;
; Optimization Technique                                           ; Balanced           ; Balanced           ;
; Carry Chain Length                                               ; 70                 ; 70                 ;
; Auto Carry Chains                                                ; On                 ; On                 ;
; Auto Open-Drain Pins                                             ; On                 ; On                 ;
; Perform WYSIWYG Primitive Resynthesis                            ; Off                ; Off                ;
; Auto ROM Replacement                                             ; On                 ; On                 ;
; Auto RAM Replacement                                             ; On                 ; On                 ;
; Auto DSP Block Replacement                                       ; On                 ; On                 ;
; Auto Shift Register Replacement                                  ; Auto               ; Auto               ;
; Allow Shift Register Merging across Hierarchies                  ; Auto               ; Auto               ;
; Auto Clock Enable Replacement                                    ; On                 ; On                 ;
; Strict RAM Replacement                                           ; Off                ; Off                ;
; Allow Synchronous Control Signals                                ; On                 ; On                 ;
; Force Use of Synchronous Clear Signals                           ; Off                ; Off                ;
; Auto RAM Block Balancing                                         ; On                 ; On                 ;
; Auto RAM to Logic Cell Conversion                                ; Off                ; Off                ;
; Auto Resource Sharing                                            ; Off                ; Off                ;
; Allow Any RAM Size For Recognition                               ; Off                ; Off                ;
; Allow Any ROM Size For Recognition                               ; Off                ; Off                ;
; Allow Any Shift Register Size For Recognition                    ; Off                ; Off                ;
; Use LogicLock Constraints during Resource Balancing              ; On                 ; On                 ;
; Ignore translate_off and synthesis_off directives                ; Off                ; Off                ;
; Timing-Driven Synthesis                                          ; On                 ; On                 ;
; Report Parameter Settings                                        ; On                 ; On                 ;
; Report Source Assignments                                        ; On                 ; On                 ;
; Report Connectivity Checks                                       ; On                 ; On                 ;
; Ignore Maximum Fan-Out Assignments                               ; Off                ; Off                ;
; Synchronization Register Chain Length                            ; 2                  ; 2                  ;
; Power Optimization During Synthesis                              ; Normal compilation ; Normal compilation ;
; HDL message level                                                ; Level2             ; Level2             ;
; Suppress Register Optimization Related Messages                  ; Off                ; Off                ;
; Number of Removed Registers Reported in Synthesis Report         ; 5000               ; 5000               ;
; Number of Swept Nodes Reported in Synthesis Report               ; 5000               ; 5000               ;
; Number of Inverted Registers Reported in Synthesis Report        ; 100                ; 100                ;
; Clock MUX Protection                                             ; On                 ; On                 ;
; Auto Gated Clock Conversion                                      ; Off                ; Off                ;
; Block Design Naming                                              ; Auto               ; Auto               ;
; SDC constraint protection                                        ; Off                ; Off                ;
; Synthesis Effort                                                 ; Auto               ; Auto               ;
; Shift Register Replacement - Allow Asynchronous Clear Signal     ; On                 ; On                 ;
; Pre-Mapping Resynthesis Optimization                             ; Off                ; Off                ;
; Analysis & Synthesis Message Level                               ; Medium             ; Medium             ;
; Disable Register Merging Across Hierarchies                      ; Auto               ; Auto               ;
; Resource Aware Inference For Block RAM                           ; On                 ; On                 ;
+------------------------------------------------------------------+--------------------+--------------------+


+------------------------------------------+
; Parallel Compilation                     ;
+----------------------------+-------------+
; Processors                 ; Number      ;
+----------------------------+-------------+
; Number detected on machine ; 16          ;
; Maximum allowed            ; 10          ;
;                            ;             ;
; Average used               ; 1.00        ;
; Maximum used               ; 10          ;
;                            ;             ;
; Usage by Processor         ; % Time Used ;
;     Processor 1            ; 100.0%      ;
;     Processor 2            ;   0.0%      ;
;     Processor 3            ;   0.0%      ;
;     Processor 4            ;   0.0%      ;
;     Processor 5            ;   0.0%      ;
;     Processor 6            ;   0.0%      ;
;     Processor 7            ;   0.0%      ;
;     Processors 8-10        ;   0.0%      ;
+----------------------------+-------------+


+-----------------------------------------------------------------------------------------------------------------------------------------------------------+
; Analysis & Synthesis Source Files Read                                                                                                                    ;
+----------------------------------+-----------------+-----------------+--------------------------------------------------------------------------+---------+
; File Name with User-Entered Path ; Used in Netlist ; File Type       ; File Name with Absolute Path                                             ; Library ;
+----------------------------------+-----------------+-----------------+--------------------------------------------------------------------------+---------+
; mapa.vhd                         ; yes             ; User VHDL File  ; C:/Users/Alexis/Desktop/FI/VLSI/Proyecto/Tarea 26/mapa.vhd               ;         ;
; Gen25MHz.vhd                     ; yes             ; User VHDL File  ; C:/Users/Alexis/Desktop/FI/VLSI/Proyecto/Tarea 26/Gen25MHz.vhd           ;         ;
; vga_controller.vhd               ; yes             ; User VHDL File  ; C:/Users/Alexis/Desktop/FI/VLSI/Proyecto/Tarea 26/vga_controller.vhd     ;         ;
; hw_image_generator.vhd           ; yes             ; User VHDL File  ; C:/Users/Alexis/Desktop/FI/VLSI/Proyecto/Tarea 26/hw_image_generator.vhd ;         ;
; relojlento.vhd                   ; yes             ; User VHDL File  ; C:/Users/Alexis/Desktop/FI/VLSI/Proyecto/Tarea 26/relojlento.vhd         ;         ;
+----------------------------------+-----------------+-----------------+--------------------------------------------------------------------------+---------+


+----------------------------------------------------------------------+
; Analysis & Synthesis Resource Usage Summary                          ;
+---------------------------------------------+------------------------+
; Resource                                    ; Usage                  ;
+---------------------------------------------+------------------------+
; Estimated Total logic elements              ; 1,894                  ;
;                                             ;                        ;
; Total combinational functions               ; 1863                   ;
; Logic element usage by number of LUT inputs ;                        ;
;     -- 4 input functions                    ; 448                    ;
;     -- 3 input functions                    ; 685                    ;
;     -- <=2 input functions                  ; 730                    ;
;                                             ;                        ;
; Logic elements by mode                      ;                        ;
;     -- normal mode                          ; 734                    ;
;     -- arithmetic mode                      ; 1129                   ;
;                                             ;                        ;
; Total registers                             ; 360                    ;
;     -- Dedicated logic registers            ; 360                    ;
;     -- I/O registers                        ; 0                      ;
;                                             ;                        ;
; I/O pins                                    ; 16                     ;
;                                             ;                        ;
; Embedded Multiplier 9-bit elements          ; 0                      ;
;                                             ;                        ;
; Maximum fan-out node                        ; relojlento:u4|led~reg0 ;
; Maximum fan-out                             ; 295                    ;
; Total fan-out                               ; 6006                   ;
; Average fan-out                             ; 2.66                   ;
+---------------------------------------------+------------------------+


+---------------------------------------------------------------------------------------------------------------------------------------------------------------------------------------------------------------------------------------------------+
; Analysis & Synthesis Resource Utilization by Entity                                                                                                                                                                                               ;
+----------------------------+---------------------+---------------------------+-------------+------------+--------------+---------+-----------+------+--------------+------------+-----------------------------+--------------------+--------------+
; Compilation Hierarchy Node ; Combinational ALUTs ; Dedicated Logic Registers ; Memory Bits ; UFM Blocks ; DSP Elements ; DSP 9x9 ; DSP 18x18 ; Pins ; Virtual Pins ; ADC blocks ; Full Hierarchy Name         ; Entity Name        ; Library Name ;
+----------------------------+---------------------+---------------------------+-------------+------------+--------------+---------+-----------+------+--------------+------------+-----------------------------+--------------------+--------------+
; |mapa                      ; 1863 (1)            ; 360 (0)                   ; 0           ; 0          ; 0            ; 0       ; 0         ; 16   ; 0            ; 0          ; |mapa                       ; mapa               ; work         ;
;    |Gen25MHz:u1|           ; 1 (1)               ; 1 (1)                     ; 0           ; 0          ; 0            ; 0       ; 0         ; 0    ; 0            ; 0          ; |mapa|Gen25MHz:u1           ; Gen25MHz           ; work         ;
;    |hw_image_generator:u3| ; 1766 (1766)         ; 294 (294)                 ; 0           ; 0          ; 0            ; 0       ; 0         ; 0    ; 0            ; 0          ; |mapa|hw_image_generator:u3 ; hw_image_generator ; work         ;
;    |relojlento:u4|         ; 35 (35)             ; 21 (21)                   ; 0           ; 0          ; 0            ; 0       ; 0         ; 0    ; 0            ; 0          ; |mapa|relojlento:u4         ; relojlento         ; work         ;
;    |vga_controller:u2|     ; 60 (60)             ; 44 (44)                   ; 0           ; 0          ; 0            ; 0       ; 0         ; 0    ; 0            ; 0          ; |mapa|vga_controller:u2     ; vga_controller     ; work         ;
+----------------------------+---------------------+---------------------------+-------------+------------+--------------+---------+-----------+------+--------------+------------+-----------------------------+--------------------+--------------+
Note: For table entries with two numbers listed, the numbers in parentheses indicate the number of resources of the given type used by the specific entity alone. The numbers listed outside of parentheses indicate the total resources of the given type used by the specific entity and all of its sub-entities in the hierarchy.


+------------------------------------------------------------------------------------------------------------------------+
; Registers Removed During Synthesis                                                                                     ;
+---------------------------------------------------------+--------------------------------------------------------------+
; Register name                                           ; Reason for Removal                                           ;
+---------------------------------------------------------+--------------------------------------------------------------+
; hw_image_generator:u3|colliderIgluTop[0,6,8,9]          ; Stuck at GND due to stuck port data_in                       ;
; hw_image_generator:u3|colliderIgluBot[0,2..4,6,7,9]     ; Stuck at GND due to stuck port data_in                       ;
; hw_image_generator:u3|colliderIgluLeft[0,2,6..8]        ; Stuck at GND due to stuck port data_in                       ;
; hw_image_generator:u3|colliderIgluRight[0..2,5,7,8]     ; Stuck at GND due to stuck port data_in                       ;
; hw_image_generator:u3|colliderTrunk3_Right[0..4,9]      ; Stuck at GND due to stuck port data_in                       ;
; hw_image_generator:u3|colliderTrunk3_Left[0,2..5,9]     ; Stuck at GND due to stuck port data_in                       ;
; hw_image_generator:u3|colliderTrunk2_Right[0,2,4,5,7,9] ; Stuck at GND due to stuck port data_in                       ;
; hw_image_generator:u3|colliderTrunk2_Left[0,1,4,6,7,9]  ; Stuck at GND due to stuck port data_in                       ;
; hw_image_generator:u3|colliderTrunk1_Right[0,2..6,8,9]  ; Stuck at GND due to stuck port data_in                       ;
; hw_image_generator:u3|colliderTrunk1_Left[0,1,3,4,7..9] ; Stuck at GND due to stuck port data_in                       ;
; hw_image_generator:u3|colliderTree4Right[0,1,3..7,9]    ; Stuck at GND due to stuck port data_in                       ;
; hw_image_generator:u3|colliderTree4Left[0..3,8,9]       ; Stuck at GND due to stuck port data_in                       ;
; hw_image_generator:u3|colliderTree4Bot[2,3,6,9]         ; Stuck at GND due to stuck port data_in                       ;
; hw_image_generator:u3|colliderTree4Top[0,1,7,9]         ; Stuck at GND due to stuck port data_in                       ;
; hw_image_generator:u3|colliderTree3Right[1..4,8,9]      ; Stuck at GND due to stuck port data_in                       ;
; hw_image_generator:u3|colliderTree3Left[1,4,5,8,9]      ; Stuck at GND due to stuck port data_in                       ;
; hw_image_generator:u3|colliderTree3Bot[4,5,7,9]         ; Stuck at GND due to stuck port data_in                       ;
; hw_image_generator:u3|colliderTree3Top[0..2,5..7,9]     ; Stuck at GND due to stuck port data_in                       ;
; hw_image_generator:u3|colliderTree2Right[1..4,8,9]      ; Stuck at GND due to stuck port data_in                       ;
; hw_image_generator:u3|colliderTree2Left[1,4,5,8,9]      ; Stuck at GND due to stuck port data_in                       ;
; hw_image_generator:u3|colliderTree2Bot[1,2,6,8,9]       ; Stuck at GND due to stuck port data_in                       ;
; hw_image_generator:u3|colliderTree2Top[0,2..6,8,9]      ; Stuck at GND due to stuck port data_in                       ;
; hw_image_generator:u3|colliderTree1Right[0,6,8,9]       ; Stuck at GND due to stuck port data_in                       ;
; hw_image_generator:u3|colliderTree1Left[0,2,4,6,8,9]    ; Stuck at GND due to stuck port data_in                       ;
; hw_image_generator:u3|colliderTree1Bot[1,3,5,7..9]      ; Stuck at GND due to stuck port data_in                       ;
; hw_image_generator:u3|colliderTree1Top[0,5..9]          ; Stuck at GND due to stuck port data_in                       ;
; hw_image_generator:u3|colliderBearRight[0,2,5,6,9]      ; Stuck at GND due to stuck port data_in                       ;
; hw_image_generator:u3|colliderBearLeft[0,2,3,7,9]       ; Stuck at GND due to stuck port data_in                       ;
; hw_image_generator:u3|X4[0]                             ; Stuck at GND due to stuck port data_in                       ;
; vga_controller:u2|column[10..30]                        ; Stuck at GND due to stuck port data_in                       ;
; vga_controller:u2|row[10..30]                           ; Stuck at GND due to stuck port data_in                       ;
; hw_image_generator:u3|colliderBearTop[0]                ; Merged with hw_image_generator:u3|colliderBearBot[0]         ;
; hw_image_generator:u3|colliderBearBot[0]                ; Merged with hw_image_generator:u3|colliderBearLeft[8]        ;
; hw_image_generator:u3|colliderBearLeft[8]               ; Merged with hw_image_generator:u3|colliderBearLeft[6]        ;
; hw_image_generator:u3|colliderBearLeft[6]               ; Merged with hw_image_generator:u3|colliderBearLeft[5]        ;
; hw_image_generator:u3|colliderBearLeft[5]               ; Merged with hw_image_generator:u3|colliderBearLeft[4]        ;
; hw_image_generator:u3|colliderBearLeft[4]               ; Merged with hw_image_generator:u3|colliderBearLeft[1]        ;
; hw_image_generator:u3|colliderBearLeft[1]               ; Merged with hw_image_generator:u3|colliderBearRight[8]       ;
; hw_image_generator:u3|colliderBearRight[8]              ; Merged with hw_image_generator:u3|colliderBearRight[7]       ;
; hw_image_generator:u3|colliderBearRight[7]              ; Merged with hw_image_generator:u3|colliderBearRight[4]       ;
; hw_image_generator:u3|colliderBearRight[4]              ; Merged with hw_image_generator:u3|colliderBearRight[3]       ;
; hw_image_generator:u3|colliderBearRight[3]              ; Merged with hw_image_generator:u3|colliderBearRight[1]       ;
; hw_image_generator:u3|colliderBearRight[1]              ; Merged with hw_image_generator:u3|colliderTree1Top[4]        ;
; hw_image_generator:u3|colliderTree1Top[4]               ; Merged with hw_image_generator:u3|colliderTree1Top[3]        ;
; hw_image_generator:u3|colliderTree1Top[3]               ; Merged with hw_image_generator:u3|colliderTree1Top[2]        ;
; hw_image_generator:u3|colliderTree1Top[2]               ; Merged with hw_image_generator:u3|colliderTree1Top[1]        ;
; hw_image_generator:u3|colliderTree1Top[1]               ; Merged with hw_image_generator:u3|colliderTree1Bot[6]        ;
; hw_image_generator:u3|colliderTree1Bot[6]               ; Merged with hw_image_generator:u3|colliderTree1Bot[4]        ;
; hw_image_generator:u3|colliderTree1Bot[4]               ; Merged with hw_image_generator:u3|colliderTree1Bot[2]        ;
; hw_image_generator:u3|colliderTree1Bot[2]               ; Merged with hw_image_generator:u3|colliderTree1Bot[0]        ;
; hw_image_generator:u3|colliderTree1Bot[0]               ; Merged with hw_image_generator:u3|colliderTree1Left[7]       ;
; hw_image_generator:u3|colliderTree1Left[7]              ; Merged with hw_image_generator:u3|colliderTree1Left[5]       ;
; hw_image_generator:u3|colliderTree1Left[5]              ; Merged with hw_image_generator:u3|colliderTree1Left[3]       ;
; hw_image_generator:u3|colliderTree1Left[3]              ; Merged with hw_image_generator:u3|colliderTree1Left[1]       ;
; hw_image_generator:u3|colliderTree1Left[1]              ; Merged with hw_image_generator:u3|colliderTree1Right[7]      ;
; hw_image_generator:u3|colliderTree1Right[7]             ; Merged with hw_image_generator:u3|colliderTree1Right[5]      ;
; hw_image_generator:u3|colliderTree1Right[5]             ; Merged with hw_image_generator:u3|colliderTree1Right[4]      ;
; hw_image_generator:u3|colliderTree1Right[4]             ; Merged with hw_image_generator:u3|colliderTree1Right[3]      ;
; hw_image_generator:u3|colliderTree1Right[3]             ; Merged with hw_image_generator:u3|colliderTree1Right[2]      ;
; hw_image_generator:u3|colliderTree1Right[2]             ; Merged with hw_image_generator:u3|colliderTree1Right[1]      ;
; hw_image_generator:u3|colliderTree1Right[1]             ; Merged with hw_image_generator:u3|colliderTree2Top[7]        ;
; hw_image_generator:u3|colliderTree2Top[7]               ; Merged with hw_image_generator:u3|colliderTree2Top[1]        ;
; hw_image_generator:u3|colliderTree2Top[1]               ; Merged with hw_image_generator:u3|colliderTree2Bot[7]        ;
; hw_image_generator:u3|colliderTree2Bot[7]               ; Merged with hw_image_generator:u3|colliderTree2Bot[5]        ;
; hw_image_generator:u3|colliderTree2Bot[5]               ; Merged with hw_image_generator:u3|colliderTree2Bot[4]        ;
; hw_image_generator:u3|colliderTree2Bot[4]               ; Merged with hw_image_generator:u3|colliderTree2Bot[3]        ;
; hw_image_generator:u3|colliderTree2Bot[3]               ; Merged with hw_image_generator:u3|colliderTree2Bot[0]        ;
; hw_image_generator:u3|colliderTree2Bot[0]               ; Merged with hw_image_generator:u3|colliderTree2Left[7]       ;
; hw_image_generator:u3|colliderTree2Left[7]              ; Merged with hw_image_generator:u3|colliderTree2Left[6]       ;
; hw_image_generator:u3|colliderTree2Left[6]              ; Merged with hw_image_generator:u3|colliderTree2Left[3]       ;
; hw_image_generator:u3|colliderTree2Left[3]              ; Merged with hw_image_generator:u3|colliderTree2Left[2]       ;
; hw_image_generator:u3|colliderTree2Left[2]              ; Merged with hw_image_generator:u3|colliderTree2Left[0]       ;
; hw_image_generator:u3|colliderTree2Left[0]              ; Merged with hw_image_generator:u3|colliderTree2Right[7]      ;
; hw_image_generator:u3|colliderTree2Right[7]             ; Merged with hw_image_generator:u3|colliderTree2Right[6]      ;
; hw_image_generator:u3|colliderTree2Right[6]             ; Merged with hw_image_generator:u3|colliderTree2Right[5]      ;
; hw_image_generator:u3|colliderTree2Right[5]             ; Merged with hw_image_generator:u3|colliderTree2Right[0]      ;
; hw_image_generator:u3|colliderTree2Right[0]             ; Merged with hw_image_generator:u3|colliderTree3Top[8]        ;
; hw_image_generator:u3|colliderTree3Top[8]               ; Merged with hw_image_generator:u3|colliderTree3Top[4]        ;
; hw_image_generator:u3|colliderTree3Top[4]               ; Merged with hw_image_generator:u3|colliderTree3Top[3]        ;
; hw_image_generator:u3|colliderTree3Top[3]               ; Merged with hw_image_generator:u3|colliderTree3Bot[8]        ;
; hw_image_generator:u3|colliderTree3Bot[8]               ; Merged with hw_image_generator:u3|colliderTree3Bot[6]        ;
; hw_image_generator:u3|colliderTree3Bot[6]               ; Merged with hw_image_generator:u3|colliderTree3Bot[3]        ;
; hw_image_generator:u3|colliderTree3Bot[3]               ; Merged with hw_image_generator:u3|colliderTree3Bot[2]        ;
; hw_image_generator:u3|colliderTree3Bot[2]               ; Merged with hw_image_generator:u3|colliderTree3Bot[1]        ;
; hw_image_generator:u3|colliderTree3Bot[1]               ; Merged with hw_image_generator:u3|colliderTree3Bot[0]        ;
; hw_image_generator:u3|colliderTree3Bot[0]               ; Merged with hw_image_generator:u3|colliderTree3Left[7]       ;
; hw_image_generator:u3|colliderTree3Left[7]              ; Merged with hw_image_generator:u3|colliderTree3Left[6]       ;
; hw_image_generator:u3|colliderTree3Left[6]              ; Merged with hw_image_generator:u3|colliderTree3Left[3]       ;
; hw_image_generator:u3|colliderTree3Left[3]              ; Merged with hw_image_generator:u3|colliderTree3Left[2]       ;
; hw_image_generator:u3|colliderTree3Left[2]              ; Merged with hw_image_generator:u3|colliderTree3Left[0]       ;
; hw_image_generator:u3|colliderTree3Left[0]              ; Merged with hw_image_generator:u3|colliderTree3Right[7]      ;
; hw_image_generator:u3|colliderTree3Right[7]             ; Merged with hw_image_generator:u3|colliderTree3Right[6]      ;
; hw_image_generator:u3|colliderTree3Right[6]             ; Merged with hw_image_generator:u3|colliderTree3Right[5]      ;
; hw_image_generator:u3|colliderTree3Right[5]             ; Merged with hw_image_generator:u3|colliderTree3Right[0]      ;
; hw_image_generator:u3|colliderTree3Right[0]             ; Merged with hw_image_generator:u3|colliderTree4Top[8]        ;
; hw_image_generator:u3|colliderTree4Top[8]               ; Merged with hw_image_generator:u3|colliderTree4Top[6]        ;
; hw_image_generator:u3|colliderTree4Top[6]               ; Merged with hw_image_generator:u3|colliderTree4Top[5]        ;
; hw_image_generator:u3|colliderTree4Top[5]               ; Merged with hw_image_generator:u3|colliderTree4Top[4]        ;
; hw_image_generator:u3|colliderTree4Top[4]               ; Merged with hw_image_generator:u3|colliderTree4Top[3]        ;
; hw_image_generator:u3|colliderTree4Top[3]               ; Merged with hw_image_generator:u3|colliderTree4Top[2]        ;
; hw_image_generator:u3|colliderTree4Top[2]               ; Merged with hw_image_generator:u3|colliderTree4Bot[8]        ;
; hw_image_generator:u3|colliderTree4Bot[8]               ; Merged with hw_image_generator:u3|colliderTree4Bot[7]        ;
; hw_image_generator:u3|colliderTree4Bot[7]               ; Merged with hw_image_generator:u3|colliderTree4Bot[5]        ;
; hw_image_generator:u3|colliderTree4Bot[5]               ; Merged with hw_image_generator:u3|colliderTree4Bot[4]        ;
; hw_image_generator:u3|colliderTree4Bot[4]               ; Merged with hw_image_generator:u3|colliderTree4Bot[1]        ;
; hw_image_generator:u3|colliderTree4Bot[1]               ; Merged with hw_image_generator:u3|colliderTree4Bot[0]        ;
; hw_image_generator:u3|colliderTree4Bot[0]               ; Merged with hw_image_generator:u3|colliderTree4Left[7]       ;
; hw_image_generator:u3|colliderTree4Left[7]              ; Merged with hw_image_generator:u3|colliderTree4Left[6]       ;
; hw_image_generator:u3|colliderTree4Left[6]              ; Merged with hw_image_generator:u3|colliderTree4Left[5]       ;
; hw_image_generator:u3|colliderTree4Left[5]              ; Merged with hw_image_generator:u3|colliderTree4Left[4]       ;
; hw_image_generator:u3|colliderTree4Left[4]              ; Merged with hw_image_generator:u3|colliderTree4Right[8]      ;
; hw_image_generator:u3|colliderTree4Right[8]             ; Merged with hw_image_generator:u3|colliderTree4Right[2]      ;
; hw_image_generator:u3|colliderTree4Right[2]             ; Merged with hw_image_generator:u3|colliderTrunk1_Left[6]     ;
; hw_image_generator:u3|colliderTrunk1_Left[6]            ; Merged with hw_image_generator:u3|colliderTrunk1_Left[5]     ;
; hw_image_generator:u3|colliderTrunk1_Left[5]            ; Merged with hw_image_generator:u3|colliderTrunk1_Left[2]     ;
; hw_image_generator:u3|colliderTrunk1_Left[2]            ; Merged with hw_image_generator:u3|colliderTrunk1_Right[7]    ;
; hw_image_generator:u3|colliderTrunk1_Right[7]           ; Merged with hw_image_generator:u3|colliderTrunk1_Right[1]    ;
; hw_image_generator:u3|colliderTrunk1_Right[1]           ; Merged with hw_image_generator:u3|colliderTrunk2_Left[8]     ;
; hw_image_generator:u3|colliderTrunk2_Left[8]            ; Merged with hw_image_generator:u3|colliderTrunk2_Left[5]     ;
; hw_image_generator:u3|colliderTrunk2_Left[5]            ; Merged with hw_image_generator:u3|colliderTrunk2_Left[3]     ;
; hw_image_generator:u3|colliderTrunk2_Left[3]            ; Merged with hw_image_generator:u3|colliderTrunk2_Left[2]     ;
; hw_image_generator:u3|colliderTrunk2_Left[2]            ; Merged with hw_image_generator:u3|colliderTrunk2_Right[8]    ;
; hw_image_generator:u3|colliderTrunk2_Right[8]           ; Merged with hw_image_generator:u3|colliderTrunk2_Right[6]    ;
; hw_image_generator:u3|colliderTrunk2_Right[6]           ; Merged with hw_image_generator:u3|colliderTrunk2_Right[3]    ;
; hw_image_generator:u3|colliderTrunk2_Right[3]           ; Merged with hw_image_generator:u3|colliderTrunk2_Right[1]    ;
; hw_image_generator:u3|colliderTrunk2_Right[1]           ; Merged with hw_image_generator:u3|colliderTrunk3_Left[8]     ;
; hw_image_generator:u3|colliderTrunk3_Left[8]            ; Merged with hw_image_generator:u3|colliderTrunk3_Left[7]     ;
; hw_image_generator:u3|colliderTrunk3_Left[7]            ; Merged with hw_image_generator:u3|colliderTrunk3_Left[6]     ;
; hw_image_generator:u3|colliderTrunk3_Left[6]            ; Merged with hw_image_generator:u3|colliderTrunk3_Left[1]     ;
; hw_image_generator:u3|colliderTrunk3_Left[1]            ; Merged with hw_image_generator:u3|colliderTrunk3_Right[8]    ;
; hw_image_generator:u3|colliderTrunk3_Right[8]           ; Merged with hw_image_generator:u3|colliderTrunk3_Right[7]    ;
; hw_image_generator:u3|colliderTrunk3_Right[7]           ; Merged with hw_image_generator:u3|colliderTrunk3_Right[6]    ;
; hw_image_generator:u3|colliderTrunk3_Right[6]           ; Merged with hw_image_generator:u3|colliderTrunk3_Right[5]    ;
; hw_image_generator:u3|colliderTrunk3_Right[5]           ; Merged with hw_image_generator:u3|colliderIgluRight[3]       ;
; hw_image_generator:u3|colliderIgluRight[3]              ; Merged with hw_image_generator:u3|colliderIgluRight[4]       ;
; hw_image_generator:u3|colliderIgluRight[4]              ; Merged with hw_image_generator:u3|colliderIgluRight[6]       ;
; hw_image_generator:u3|colliderIgluRight[6]              ; Merged with hw_image_generator:u3|colliderIgluRight[9]       ;
; hw_image_generator:u3|colliderIgluRight[9]              ; Merged with hw_image_generator:u3|colliderIgluLeft[1]        ;
; hw_image_generator:u3|colliderIgluLeft[1]               ; Merged with hw_image_generator:u3|colliderIgluLeft[3]        ;
; hw_image_generator:u3|colliderIgluLeft[3]               ; Merged with hw_image_generator:u3|colliderIgluLeft[4]        ;
; hw_image_generator:u3|colliderIgluLeft[4]               ; Merged with hw_image_generator:u3|colliderIgluLeft[5]        ;
; hw_image_generator:u3|colliderIgluLeft[5]               ; Merged with hw_image_generator:u3|colliderIgluLeft[9]        ;
; hw_image_generator:u3|colliderIgluLeft[9]               ; Merged with hw_image_generator:u3|colliderIgluBot[1]         ;
; hw_image_generator:u3|colliderIgluBot[1]                ; Merged with hw_image_generator:u3|colliderIgluBot[5]         ;
; hw_image_generator:u3|colliderIgluBot[5]                ; Merged with hw_image_generator:u3|colliderIgluBot[8]         ;
; hw_image_generator:u3|colliderIgluBot[8]                ; Merged with hw_image_generator:u3|colliderIgluTop[1]         ;
; hw_image_generator:u3|colliderIgluTop[1]                ; Merged with hw_image_generator:u3|colliderIgluTop[2]         ;
; hw_image_generator:u3|colliderIgluTop[2]                ; Merged with hw_image_generator:u3|colliderIgluTop[3]         ;
; hw_image_generator:u3|colliderIgluTop[3]                ; Merged with hw_image_generator:u3|colliderIgluTop[4]         ;
; hw_image_generator:u3|colliderIgluTop[4]                ; Merged with hw_image_generator:u3|colliderIgluTop[5]         ;
; hw_image_generator:u3|colliderIgluTop[5]                ; Merged with hw_image_generator:u3|colliderIgluTop[7]         ;
; hw_image_generator:u3|colliderTrunk3_1Bot[0]            ; Merged with hw_image_generator:u3|colliderTrunk3_1Top[0]     ;
; hw_image_generator:u3|colliderTrunk2_3Top[0]            ; Merged with hw_image_generator:u3|colliderTrunk2_3Bot[0]     ;
; hw_image_generator:u3|colliderTrunk2_2Bot[0]            ; Merged with hw_image_generator:u3|colliderTrunk2_3Bot[0]     ;
; hw_image_generator:u3|colliderTrunk2_2Top[0]            ; Merged with hw_image_generator:u3|colliderTrunk2_3Bot[0]     ;
; hw_image_generator:u3|colliderTrunk2_1Bot[0]            ; Merged with hw_image_generator:u3|colliderTrunk2_3Bot[0]     ;
; hw_image_generator:u3|colliderTrunk2_1Top[0]            ; Merged with hw_image_generator:u3|colliderTrunk2_3Bot[0]     ;
; hw_image_generator:u3|colliderTrunk1_3Top[0]            ; Merged with hw_image_generator:u3|colliderTrunk1_3Bot[0]     ;
; hw_image_generator:u3|colliderTrunk1_1Bot[0]            ; Merged with hw_image_generator:u3|colliderTrunk1_3Bot[0]     ;
; hw_image_generator:u3|colliderTrunk1_1Top[0]            ; Merged with hw_image_generator:u3|colliderTrunk1_3Bot[0]     ;
; hw_image_generator:u3|colliderTrunk1_3Top[1]            ; Merged with hw_image_generator:u3|colliderTrunk1_3Bot[1]     ;
; hw_image_generator:u3|colliderBot[0]                    ; Merged with hw_image_generator:u3|colliderPiececitosTop[0]   ;
; hw_image_generator:u3|colliderTop[0]                    ; Merged with hw_image_generator:u3|colliderPiececitosTop[0]   ;
; hw_image_generator:u3|colliderTrunk3_1Bot[1]            ; Merged with hw_image_generator:u3|colliderTrunk3_1Top[1]     ;
; hw_image_generator:u3|colliderTrunk2_1Bot[1]            ; Merged with hw_image_generator:u3|colliderTrunk2_3Bot[1]     ;
; hw_image_generator:u3|colliderTrunk2_2Top[1]            ; Merged with hw_image_generator:u3|colliderTrunk2_3Bot[1]     ;
; hw_image_generator:u3|colliderTrunk2_2Bot[1]            ; Merged with hw_image_generator:u3|colliderTrunk2_3Bot[1]     ;
; hw_image_generator:u3|colliderTrunk2_3Top[1]            ; Merged with hw_image_generator:u3|colliderTrunk2_3Bot[1]     ;
; hw_image_generator:u3|colliderTrunk2_1Top[1]            ; Merged with hw_image_generator:u3|colliderTrunk2_3Bot[1]     ;
; hw_image_generator:u3|colliderTrunk1_2Top[0]            ; Merged with hw_image_generator:u3|colliderTrunk1_4Bot[0]     ;
; hw_image_generator:u3|colliderTrunk1_2Bot[0]            ; Merged with hw_image_generator:u3|colliderTrunk1_4Bot[0]     ;
; hw_image_generator:u3|colliderTrunk1_4Top[0]            ; Merged with hw_image_generator:u3|colliderTrunk1_4Bot[0]     ;
; hw_image_generator:u3|colliderTrunk1_1Top[1]            ; Merged with hw_image_generator:u3|colliderTrunk1_1Bot[1]     ;
; hw_image_generator:u3|colliderLeft[0]                   ; Merged with hw_image_generator:u3|colliderPiececitosRight[0] ;
; hw_image_generator:u3|colliderRight[0]                  ; Merged with hw_image_generator:u3|colliderPiececitosRight[0] ;
; hw_image_generator:u3|colliderTop[1]                    ; Merged with hw_image_generator:u3|colliderPiececitosTop[1]   ;
; hw_image_generator:u3|colliderBearTop[1]                ; Merged with hw_image_generator:u3|colliderBearBot[1]         ;
; hw_image_generator:u3|colliderPiececitosLeft[0]         ; Lost fanout                                                  ;
; vga_controller:u2|row[9]                                ; Stuck at GND due to stuck port data_in                       ;
; Total Number of Removed Registers = 352                 ;                                                              ;
+---------------------------------------------------------+--------------------------------------------------------------+


+------------------------------------------------------+
; General Register Statistics                          ;
+----------------------------------------------+-------+
; Statistic                                    ; Value ;
+----------------------------------------------+-------+
; Total registers                              ; 360   ;
; Number of registers using Synchronous Clear  ; 0     ;
; Number of registers using Synchronous Load   ; 19    ;
; Number of registers using Asynchronous Clear ; 0     ;
; Number of registers using Asynchronous Load  ; 0     ;
; Number of registers using Clock Enable       ; 40    ;
; Number of registers using Preset             ; 0     ;
+----------------------------------------------+-------+


+--------------------------------------------------+
; Inverted Register Statistics                     ;
+----------------------------------------+---------+
; Inverted Register                      ; Fan out ;
+----------------------------------------+---------+
; vga_controller:u2|column[31]           ; 11      ;
; vga_controller:u2|row[31]              ; 20      ;
; vga_controller:u2|column[0]            ; 23      ;
; vga_controller:u2|row[0]               ; 48      ;
; Total number of inverted registers = 4 ;         ;
+----------------------------------------+---------+


+----------------------------------------------------------------------------------------------------------------------------------------------------+
; Multiplexer Restructuring Statistics (Restructuring Performed)                                                                                     ;
+--------------------+-----------+---------------+----------------------+------------------------+------------+--------------------------------------+
; Multiplexer Inputs ; Bus Width ; Baseline Area ; Area if Restructured ; Saving if Restructured ; Registered ; Example Multiplexer Output           ;
+--------------------+-----------+---------------+----------------------+------------------------+------------+--------------------------------------+
; 15:1               ; 10 bits   ; 100 LEs       ; 30 LEs               ; 70 LEs                 ; Yes        ; |mapa|hw_image_generator:u3|x[0]     ;
; 16:1               ; 10 bits   ; 100 LEs       ; 90 LEs               ; 10 LEs                 ; Yes        ; |mapa|hw_image_generator:u3|y[3]     ;
; 3:1                ; 10 bits   ; 20 LEs        ; 20 LEs               ; 0 LEs                  ; No         ; |mapa|vga_controller:u2|v_count      ;
; 4:1                ; 2 bits    ; 4 LEs         ; 2 LEs                ; 2 LEs                  ; No         ; |mapa|hw_image_generator:u3|red      ;
; 31:1               ; 2 bits    ; 40 LEs        ; 36 LEs               ; 4 LEs                  ; No         ; |mapa|hw_image_generator:u3|red[1]   ;
; 49:1               ; 2 bits    ; 64 LEs        ; 54 LEs               ; 10 LEs                 ; No         ; |mapa|hw_image_generator:u3|green[2] ;
+--------------------+-----------+---------------+----------------------+------------------------+------------+--------------------------------------+


+----------------------------------------------------------------+
; Parameter Settings for User Entity Instance: vga_controller:u2 ;
+----------------+-------+---------------------------------------+
; Parameter Name ; Value ; Type                                  ;
+----------------+-------+---------------------------------------+
; h_pulse        ; 96    ; Signed Integer                        ;
; h_bp           ; 48    ; Signed Integer                        ;
; h_pixels       ; 640   ; Signed Integer                        ;
; h_fp           ; 16    ; Signed Integer                        ;
; h_pol          ; '0'   ; Enumerated                            ;
; v_pulse        ; 2     ; Signed Integer                        ;
; v_bp           ; 33    ; Signed Integer                        ;
; v_pixels       ; 480   ; Signed Integer                        ;
; v_fp           ; 10    ; Signed Integer                        ;
; v_pol          ; '0'   ; Enumerated                            ;
+----------------+-------+---------------------------------------+
Note: In order to hide this table in the UI and the text report file, please set the "Show Parameter Settings in Synthesis Report" option in "Analysis and Synthesis Settings -> More Settings" to "Off".


+--------------------------------------------------------------------+
; Parameter Settings for User Entity Instance: hw_image_generator:u3 ;
+----------------+-------+-------------------------------------------+
; Parameter Name ; Value ; Type                                      ;
+----------------+-------+-------------------------------------------+
; pixels_y       ; 640   ; Signed Integer                            ;
; pixels_x       ; 480   ; Signed Integer                            ;
+----------------+-------+-------------------------------------------+
Note: In order to hide this table in the UI and the text report file, please set the "Show Parameter Settings in Synthesis Report" option in "Analysis and Synthesis Settings -> More Settings" to "Off".


+-------------------------------------------------------------------------------------------------------------------+
; Port Connectivity Checks: "vga_controller:u2"                                                                     ;
+---------+--------+----------+-------------------------------------------------------------------------------------+
; Port    ; Type   ; Severity ; Details                                                                             ;
+---------+--------+----------+-------------------------------------------------------------------------------------+
; reset_n ; Input  ; Info     ; Stuck at VCC                                                                        ;
; n_blank ; Output ; Info     ; Connected to dangling logic. Logic that only feeds a dangling port will be removed. ;
; n_sync  ; Output ; Info     ; Connected to dangling logic. Logic that only feeds a dangling port will be removed. ;
+---------+--------+----------+-------------------------------------------------------------------------------------+


+-----------------------------------------------------+
; Post-Synthesis Netlist Statistics for Top Partition ;
+-----------------------+-----------------------------+
; Type                  ; Count                       ;
+-----------------------+-----------------------------+
; boundary_port         ; 16                          ;
; cycloneiii_ff         ; 360                         ;
;     ENA               ; 40                          ;
;     SLD               ; 19                          ;
;     plain             ; 301                         ;
; cycloneiii_lcell_comb ; 1863                        ;
;     arith             ; 1129                        ;
;         2 data inputs ; 525                         ;
;         3 data inputs ; 604                         ;
;     normal            ; 734                         ;
;         0 data inputs ; 51                          ;
;         1 data inputs ; 17                          ;
;         2 data inputs ; 137                         ;
;         3 data inputs ; 81                          ;
;         4 data inputs ; 448                         ;
;                       ;                             ;
; Max LUT depth         ; 11.70                       ;
; Average LUT depth     ; 7.65                        ;
+-----------------------+-----------------------------+


+-------------------------------+
; Elapsed Time Per Partition    ;
+----------------+--------------+
; Partition Name ; Elapsed Time ;
+----------------+--------------+
; Top            ; 00:00:01     ;
+----------------+--------------+


+-------------------------------+
; Analysis & Synthesis Messages ;
+-------------------------------+
Info: *******************************************************************
Info: Running Quartus Prime Analysis & Synthesis
    Info: Version 22.1std.1 Build 917 02/14/2023 SC Lite Edition
    Info: Processing started: Sat Dec  2 20:52:20 2023
Info: Command: quartus_map --read_settings_files=on --write_settings_files=off mapa -c mapa
Warning (18236): Number of processors has not been specified which may cause overloading on shared machines.  Set the global assignment NUM_PARALLEL_PROCESSORS in your QSF to an appropriate value for best performance.
Info (20030): Parallel compilation is enabled and will use 10 of the 10 processors detected
Info (12021): Found 2 design units, including 1 entities, in source file mapa.vhd
    Info (12022): Found design unit 1: mapa-behavioral File: C:/Users/Alexis/Desktop/FI/VLSI/Proyecto/Tarea 26/mapa.vhd Line: 12
    Info (12023): Found entity 1: mapa File: C:/Users/Alexis/Desktop/FI/VLSI/Proyecto/Tarea 26/mapa.vhd Line: 4
Info (12021): Found 2 design units, including 1 entities, in source file gen25mhz.vhd
    Info (12022): Found design unit 1: Gen25MHz-behavior File: C:/Users/Alexis/Desktop/FI/VLSI/Proyecto/Tarea 26/Gen25MHz.vhd Line: 9
    Info (12023): Found entity 1: Gen25MHz File: C:/Users/Alexis/Desktop/FI/VLSI/Proyecto/Tarea 26/Gen25MHz.vhd Line: 4
Info (12021): Found 2 design units, including 1 entities, in source file vga_controller.vhd
    Info (12022): Found design unit 1: vga_controller-behavior File: C:/Users/Alexis/Desktop/FI/VLSI/Proyecto/Tarea 26/vga_controller.vhd Line: 52
    Info (12023): Found entity 1: vga_controller File: C:/Users/Alexis/Desktop/FI/VLSI/Proyecto/Tarea 26/vga_controller.vhd Line: 28
Info (12021): Found 2 design units, including 1 entities, in source file hw_image_generator.vhd
    Info (12022): Found design unit 1: hw_image_generator-behavior File: C:/Users/Alexis/Desktop/FI/VLSI/Proyecto/Tarea 26/hw_image_generator.vhd Line: 41
    Info (12023): Found entity 1: hw_image_generator File: C:/Users/Alexis/Desktop/FI/VLSI/Proyecto/Tarea 26/hw_image_generator.vhd Line: 26
Info (12021): Found 2 design units, including 1 entities, in source file relojlento.vhd
    Info (12022): Found design unit 1: relojlento-arq File: C:/Users/Alexis/Desktop/FI/VLSI/Proyecto/Tarea 26/relojlento.vhd Line: 9
    Info (12023): Found entity 1: relojlento File: C:/Users/Alexis/Desktop/FI/VLSI/Proyecto/Tarea 26/relojlento.vhd Line: 4
Info (12127): Elaborating entity "mapa" for the top level hierarchy
Info (12129): Elaborating entity "Gen25MHz" using architecture "A:behavior" for hierarchy "Gen25MHz:u1" File: C:/Users/Alexis/Desktop/FI/VLSI/Proyecto/Tarea 26/mapa.vhd Line: 23
Info (12129): Elaborating entity "vga_controller" using architecture "A:behavior" for hierarchy "vga_controller:u2" File: C:/Users/Alexis/Desktop/FI/VLSI/Proyecto/Tarea 26/mapa.vhd Line: 24
Info (12129): Elaborating entity "hw_image_generator" using architecture "A:behavior" for hierarchy "hw_image_generator:u3" File: C:/Users/Alexis/Desktop/FI/VLSI/Proyecto/Tarea 26/mapa.vhd Line: 25
Warning (10036): Verilog HDL or VHDL warning at hw_image_generator.vhd(62): object "gameOver" assigned a value but never read File: C:/Users/Alexis/Desktop/FI/VLSI/Proyecto/Tarea 26/hw_image_generator.vhd Line: 62
Warning (10036): Verilog HDL or VHDL warning at hw_image_generator.vhd(63): object "endGame" assigned a value but never read File: C:/Users/Alexis/Desktop/FI/VLSI/Proyecto/Tarea 26/hw_image_generator.vhd Line: 63
Warning (10492): VHDL Process Statement warning at hw_image_generator.vhd(198): signal "x" is read inside the Process Statement but isn't in the Process Statement's sensitivity list File: C:/Users/Alexis/Desktop/FI/VLSI/Proyecto/Tarea 26/hw_image_generator.vhd Line: 198
Warning (10492): VHDL Process Statement warning at hw_image_generator.vhd(198): signal "y" is read inside the Process Statement but isn't in the Process Statement's sensitivity list File: C:/Users/Alexis/Desktop/FI/VLSI/Proyecto/Tarea 26/hw_image_generator.vhd Line: 198
Warning (10492): VHDL Process Statement warning at hw_image_generator.vhd(202): signal "x" is read inside the Process Statement but isn't in the Process Statement's sensitivity list File: C:/Users/Alexis/Desktop/FI/VLSI/Proyecto/Tarea 26/hw_image_generator.vhd Line: 202
Warning (10492): VHDL Process Statement warning at hw_image_generator.vhd(202): signal "y" is read inside the Process Statement but isn't in the Process Statement's sensitivity list File: C:/Users/Alexis/Desktop/FI/VLSI/Proyecto/Tarea 26/hw_image_generator.vhd Line: 202
Warning (10492): VHDL Process Statement warning at hw_image_generator.vhd(206): signal "x" is read inside the Process Statement but isn't in the Process Statement's sensitivity list File: C:/Users/Alexis/Desktop/FI/VLSI/Proyecto/Tarea 26/hw_image_generator.vhd Line: 206
Warning (10492): VHDL Process Statement warning at hw_image_generator.vhd(206): signal "y" is read inside the Process Statement but isn't in the Process Statement's sensitivity list File: C:/Users/Alexis/Desktop/FI/VLSI/Proyecto/Tarea 26/hw_image_generator.vhd Line: 206
Warning (10492): VHDL Process Statement warning at hw_image_generator.vhd(210): signal "x" is read inside the Process Statement but isn't in the Process Statement's sensitivity list File: C:/Users/Alexis/Desktop/FI/VLSI/Proyecto/Tarea 26/hw_image_generator.vhd Line: 210
Warning (10492): VHDL Process Statement warning at hw_image_generator.vhd(210): signal "y" is read inside the Process Statement but isn't in the Process Statement's sensitivity list File: C:/Users/Alexis/Desktop/FI/VLSI/Proyecto/Tarea 26/hw_image_generator.vhd Line: 210
Warning (10492): VHDL Process Statement warning at hw_image_generator.vhd(214): signal "x" is read inside the Process Statement but isn't in the Process Statement's sensitivity list File: C:/Users/Alexis/Desktop/FI/VLSI/Proyecto/Tarea 26/hw_image_generator.vhd Line: 214
Warning (10492): VHDL Process Statement warning at hw_image_generator.vhd(214): signal "y" is read inside the Process Statement but isn't in the Process Statement's sensitivity list File: C:/Users/Alexis/Desktop/FI/VLSI/Proyecto/Tarea 26/hw_image_generator.vhd Line: 214
Warning (10492): VHDL Process Statement warning at hw_image_generator.vhd(218): signal "x" is read inside the Process Statement but isn't in the Process Statement's sensitivity list File: C:/Users/Alexis/Desktop/FI/VLSI/Proyecto/Tarea 26/hw_image_generator.vhd Line: 218
Warning (10492): VHDL Process Statement warning at hw_image_generator.vhd(218): signal "y" is read inside the Process Statement but isn't in the Process Statement's sensitivity list File: C:/Users/Alexis/Desktop/FI/VLSI/Proyecto/Tarea 26/hw_image_generator.vhd Line: 218
Warning (10492): VHDL Process Statement warning at hw_image_generator.vhd(222): signal "x" is read inside the Process Statement but isn't in the Process Statement's sensitivity list File: C:/Users/Alexis/Desktop/FI/VLSI/Proyecto/Tarea 26/hw_image_generator.vhd Line: 222
Warning (10492): VHDL Process Statement warning at hw_image_generator.vhd(222): signal "y" is read inside the Process Statement but isn't in the Process Statement's sensitivity list File: C:/Users/Alexis/Desktop/FI/VLSI/Proyecto/Tarea 26/hw_image_generator.vhd Line: 222
Warning (10492): VHDL Process Statement warning at hw_image_generator.vhd(226): signal "x" is read inside the Process Statement but isn't in the Process Statement's sensitivity list File: C:/Users/Alexis/Desktop/FI/VLSI/Proyecto/Tarea 26/hw_image_generator.vhd Line: 226
Warning (10492): VHDL Process Statement warning at hw_image_generator.vhd(226): signal "y" is read inside the Process Statement but isn't in the Process Statement's sensitivity list File: C:/Users/Alexis/Desktop/FI/VLSI/Proyecto/Tarea 26/hw_image_generator.vhd Line: 226
Warning (10492): VHDL Process Statement warning at hw_image_generator.vhd(231): signal "x1" is read inside the Process Statement but isn't in the Process Statement's sensitivity list File: C:/Users/Alexis/Desktop/FI/VLSI/Proyecto/Tarea 26/hw_image_generator.vhd Line: 231
Warning (10492): VHDL Process Statement warning at hw_image_generator.vhd(235): signal "x1" is read inside the Process Statement but isn't in the Process Statement's sensitivity list File: C:/Users/Alexis/Desktop/FI/VLSI/Proyecto/Tarea 26/hw_image_generator.vhd Line: 235
Warning (10492): VHDL Process Statement warning at hw_image_generator.vhd(239): signal "x1" is read inside the Process Statement but isn't in the Process Statement's sensitivity list File: C:/Users/Alexis/Desktop/FI/VLSI/Proyecto/Tarea 26/hw_image_generator.vhd Line: 239
Warning (10492): VHDL Process Statement warning at hw_image_generator.vhd(243): signal "x1" is read inside the Process Statement but isn't in the Process Statement's sensitivity list File: C:/Users/Alexis/Desktop/FI/VLSI/Proyecto/Tarea 26/hw_image_generator.vhd Line: 243
Warning (10492): VHDL Process Statement warning at hw_image_generator.vhd(248): signal "x2" is read inside the Process Statement but isn't in the Process Statement's sensitivity list File: C:/Users/Alexis/Desktop/FI/VLSI/Proyecto/Tarea 26/hw_image_generator.vhd Line: 248
Warning (10492): VHDL Process Statement warning at hw_image_generator.vhd(252): signal "x2" is read inside the Process Statement but isn't in the Process Statement's sensitivity list File: C:/Users/Alexis/Desktop/FI/VLSI/Proyecto/Tarea 26/hw_image_generator.vhd Line: 252
Warning (10492): VHDL Process Statement warning at hw_image_generator.vhd(256): signal "x2" is read inside the Process Statement but isn't in the Process Statement's sensitivity list File: C:/Users/Alexis/Desktop/FI/VLSI/Proyecto/Tarea 26/hw_image_generator.vhd Line: 256
Warning (10492): VHDL Process Statement warning at hw_image_generator.vhd(261): signal "X3" is read inside the Process Statement but isn't in the Process Statement's sensitivity list File: C:/Users/Alexis/Desktop/FI/VLSI/Proyecto/Tarea 26/hw_image_generator.vhd Line: 261
Warning (10492): VHDL Process Statement warning at hw_image_generator.vhd(265): signal "X3" is read inside the Process Statement but isn't in the Process Statement's sensitivity list File: C:/Users/Alexis/Desktop/FI/VLSI/Proyecto/Tarea 26/hw_image_generator.vhd Line: 265
Warning (10492): VHDL Process Statement warning at hw_image_generator.vhd(283): signal "X4" is read inside the Process Statement but isn't in the Process Statement's sensitivity list File: C:/Users/Alexis/Desktop/FI/VLSI/Proyecto/Tarea 26/hw_image_generator.vhd Line: 283
Warning (10492): VHDL Process Statement warning at hw_image_generator.vhd(287): signal "X4" is read inside the Process Statement but isn't in the Process Statement's sensitivity list File: C:/Users/Alexis/Desktop/FI/VLSI/Proyecto/Tarea 26/hw_image_generator.vhd Line: 287
Warning (10492): VHDL Process Statement warning at hw_image_generator.vhd(291): signal "X4" is read inside the Process Statement but isn't in the Process Statement's sensitivity list File: C:/Users/Alexis/Desktop/FI/VLSI/Proyecto/Tarea 26/hw_image_generator.vhd Line: 291
Warning (10492): VHDL Process Statement warning at hw_image_generator.vhd(295): signal "X4" is read inside the Process Statement but isn't in the Process Statement's sensitivity list File: C:/Users/Alexis/Desktop/FI/VLSI/Proyecto/Tarea 26/hw_image_generator.vhd Line: 295
Warning (10492): VHDL Process Statement warning at hw_image_generator.vhd(299): signal "X4" is read inside the Process Statement but isn't in the Process Statement's sensitivity list File: C:/Users/Alexis/Desktop/FI/VLSI/Proyecto/Tarea 26/hw_image_generator.vhd Line: 299
Warning (10492): VHDL Process Statement warning at hw_image_generator.vhd(303): signal "X4" is read inside the Process Statement but isn't in the Process Statement's sensitivity list File: C:/Users/Alexis/Desktop/FI/VLSI/Proyecto/Tarea 26/hw_image_generator.vhd Line: 303
Info (12129): Elaborating entity "relojlento" using architecture "A:arq" for hierarchy "relojlento:u4" File: C:/Users/Alexis/Desktop/FI/VLSI/Proyecto/Tarea 26/mapa.vhd Line: 26
Info (286030): Timing-Driven Synthesis is running
Info (17049): 1 registers lost all their fanouts during netlist optimizations.
Info (16010): Generating hard_block partition "hard_block:auto_generated_inst"
    Info (16011): Adding 0 node(s), including 0 DDIO, 0 PLL, 0 transceiver and 0 LCELL
Info (21057): Implemented 2137 device resources after synthesis - the final resource count might be different
    Info (21058): Implemented 4 input pins
    Info (21059): Implemented 12 output pins
    Info (21061): Implemented 2121 logic cells
Info: Quartus Prime Analysis & Synthesis was successful. 0 errors, 34 warnings
    Info: Peak virtual memory: 4882 megabytes
    Info: Processing ended: Sat Dec  2 20:52:27 2023
    Info: Elapsed time: 00:00:07
    Info: Total CPU time (on all processors): 00:00:05


